// Jest Snapshot v1, https://goo.gl/fbAQLP

exports[`FormCheckbox should render FormCheckbox 1`] = `<Checkbox />`;
