// Jest Snapshot v1, https://goo.gl/fbAQLP

exports[`FormField should render FormField 1`] = `
<styled.div>
  <Field />
</styled.div>
`;
