// Jest Snapshot v1, https://goo.gl/fbAQLP

exports[`User Image should render UserImage with size 1`] = `
<img
  height={50}
  src="img-source"
  width={50}
/>
`;
