// Jest Snapshot v1, https://goo.gl/fbAQLP

exports[`Screen Center should render Screen Center 1`] = `<styled.div />`;
